// Jest Snapshot v1, https://goo.gl/fbAQLP

exports[`should render the children or redirect 1`] = `
<div>
  <h2>
    login
  </h2>
</div>
`;
