// Jest Snapshot v1, https://goo.gl/fbAQLP

exports[`renders the button component accurately 1`] = `
<div>
  <button>
    test
  </button>
</div>
`;
