// Jest Snapshot v1, https://goo.gl/fbAQLP

exports[`renders the Header component accurately 1`] = `<div />`;
