// Jest Snapshot v1, https://goo.gl/fbAQLP

exports[`should display a loading screen, then a project detail view 1`] = `
<div>
  <div>
    <div
      class="titleBody"
    >
      <ul
        class="tabnav"
      >
        <li
          class="active"
        >
          <a
            href="/projects"
          >
            Projects
          </a>
        </li>
        <li>
          <a
            href="/clients"
          >
            Clients
          </a>
        </li>
        <li>
          <a
            href="/projects/edit/undefined"
          >
            Edit Project
          </a>
        </li>
        <li>
          <a
            href="/login"
          >
            Log Out
          </a>
        </li>
      </ul>
    </div>
    <main>
      <div
        class="projectDetail"
      >
        <div
          class="projectTitle"
        >
          project1
        </div>
        <div
          class="clientName"
        >
          <a
            href="/clients/1"
          >
            <h1
              aria-label="client-name"
            >
              bob1
            </h1>
          </a>
          <h3>
            Client
          </h3>
        </div>
        <div
          class="infoWrapper"
        >
          <h3>
            <div
              aria-label="URL"
              class="infoItem"
            >
              <a
                href="/projects/something@something.com"
              >
                <img
                  alt="www"
                  src="wwwSmall.png"
                />
                something@something.com
              </a>
            </div>
          </h3>
          <section
            class="infoSection"
          >
            <div
              aria-label="hourly-rate"
              class="infoItem"
            >
              <img
                alt="money"
                src="moneySmall.png"
              />
              Hourly Rate: $
              33
            </div>
            <div
              aria-label="start-date"
              class="infoItem"
            >
              <img
                alt="clock"
                src="clockSmall.png"
              />
              Started: 
              2022-01-20
            </div>
            <div
              aria-label="end-date"
              class="infoItem"
            >
              <img
                alt="clock"
                src="clockSmall.png"
              />
              Deadline: 
              2022-01-21
            </div>
          </section>
        </div>
        <section
          class="alignLeft"
        >
          <h2>
            Description
          </h2>
          <p
            aria-label="description"
            class="textBlock"
          >
            ok
          </p>
          <h2>
            Notes
          </h2>
          <p
            aria-label="notes"
            class="textBlock"
          >
            test notes
          </p>
        </section>
      </div>
    </main>
  </div>
</div>
`;
