// Jest Snapshot v1, https://goo.gl/fbAQLP

exports[`renders the Edit client form component accurately 1`] = `
<div>
  <div>
    <h2>
      Edit Client
    </h2>
    <fieldset>
      <form>
        <label
          for="client_name"
        >
          Client Name
        </label>
        <input
          id="client_name"
          required=""
          type="text"
          value=""
        />
        <label
          for="email"
        >
          E-Mail
        </label>
        <input
          id="email"
          required=""
          type="email"
          value=""
        />
        <label
          for="phone"
        >
          Phone Number
        </label>
        <input
          id="phone"
          required=""
          type="text"
          value=""
        />
        <label
          for="business_name"
        >
          Business Name
        </label>
        <input
          id="business_name"
          placeholder="Optional"
          type="text"
          value=""
        />
        <label
          for="notes"
        >
          Notes
        </label>
        <textarea
          id="notes"
          placeholder="Optional"
        />
        <button
          type="submit"
        >
          Save
        </button>
      </form>
      <section>
        <button>
          DELETE CLIENT
        </button>
      </section>
    </fieldset>
  </div>
</div>
`;
